


PAGE    1      acctstat                                                                                       02-11-19 11:35:20
                                         

PL/B COMPILER   Version 9.9    28 Oct 2016 
COMMAND LINE WAS: PLBCMP acctstat -L=32 ZG ZI=0 ZT S ZL E PE"" 
PLBCMP_OPT=-ZG -ZI=0 -E -l=32 -ZT -p""

    8.    INCLUDE  A: common.pls
   22.    INCLUDE  B: custmast.pls
   51.    INCLUDE  C: callerr1.pls
   12. C                              D        DIALOG 
                                                     *WARNING*
Warning: Obsolete data type!
   53.    INCLUDE  D: callerr2.pls
   70.                                         GOTO      READ IF OVER
                                                   *WARNING*
Warning: Statement has no label and follows unconditional GOTO/RETURN.
   80.    INCLUDE  E: custrdks.pls

   Output: c:\apc\plc\acctstat.plc                                                                                                                                                                                                                                   
       358 LINES;      0 ERRORS;      2 WARNINGS; Start/Stop: 11:35:19 11:35:20
  00001594 DATA;  000002F8  CODE;   SYMBOL TABLE USAGE:  UDA:   0% EXE:   0%

